[www.teaching-materials.org/javascript/index.html]
[backblue.gif]
[fade.gif]
[index.html]
[www.teaching-materials.org/common/bootstrap.css]
[www.teaching-materials.org/common/styles.css]
[www.teaching-materials.org/javascript/exercises/loadJavascriptTemplate.html]
[www.teaching-materials.org/javascript/slides/programming.html]
[www.teaching-materials.org/javascript/slides/varsfunctions.html]
[www.teaching-materials.org/javascript/exercises/variables.html]
[www.teaching-materials.org/javascript/exercises/functions.html]
[www.teaching-materials.org/javascript/exercises/calculator.html]
[www.teaching-materials.org/javascript/www.meetup.com/Girl-Develop-It-San-Francisco/index.html]
[www.teaching-materials.org/javascript/exercises/strings.html]
[www.teaching-materials.org/javascript/slides/controlflow.html]
[www.teaching-materials.org/javascript/exercises/ifelse.html]
[www.teaching-materials.org/javascript/exercises/forloops.html]
[www.teaching-materials.org/javascript/exercises/arrays.html]
[www.teaching-materials.org/javascript/exercises/wordguesser.html]
[www.teaching-materials.org/javascript/slides/objects.html]
[www.teaching-materials.org/javascript/exercises/objects.html]
[www.teaching-materials.org/javascript/exercises/objectArguments.html]
[www.teaching-materials.org/javascript/exercises/cashRegister.html]
[www.teaching-materials.org/javascript/exercises/creditcard.html]
[www.teaching-materials.org/javascript/exercises/validateCreditCardSolution.js]
[licensebuttons.net/l/by-sa/3.0/88x31.png]
[www.teaching-materials.org/javascript/index.html]
[www.teaching-materials.org/common/css/bootstrap.css]
[www.teaching-materials.org/javascript/exercises/loadJavascriptTemplate.html]
[www.teaching-materials.org/javascript/www.meetup.com/Girl-Develop-It-San-Francisco/index.html]
[www.teaching-materials.org/common/normalize.css]
[www.teaching-materials.org/common/presentation.css]
[www.teaching-materials.org/common/prettify.css]
[www.teaching-materials.org/common/js/fathom.js]
[www.teaching-materials.org/javascript/slides/img/fran-typing.gif]
[www.teaching-materials.org/common/js/prettify.js]
[dl.dropboxusercontent.com/u/10998095/Screenshots/-21emdw8tl99.png_; filename_=UTF-8''-21emdw8tl99.png]
[www.teaching-materials.org/common/js/jquery.js]
[dl.dropboxusercontent.com/u/10998095/Screenshots/h31-pn0904xo.png_; filename_=UTF-8''h31-pn0904xo.png]
[www.teaching-materials.org/javascript/slides/programming.html]
[www.teaching-materials.org/common/fathom.js]
[www.teaching-materials.org/common/prettify.js]
[dl.dropboxusercontent.com/u/10998095/Screenshots/2nwgi5_b8656.png_; filename_=UTF-8''2nwgi5%7Eb8656.png]
[www.teaching-materials.org/common/jquery.js]
[i.imgur.com/l0Qez2d.png]
[dl.dropboxusercontent.com/u/10998095/Screenshots/j89bo0pzo02r.png_; filename_=UTF-8''j89bo0pzo02r.png]
[davidwalsh.name/dw-content/jsfiddle.2f.delayed]
[davidwalsh.name/demo/jsfiddle.jpg]
[www.teaching-materials.org/javascript/slides/varsfunctions.html]
[www.teaching-materials.org/javascript/exercises/variables.html]
[www.teaching-materials.org/javascript/exercises/functions.html]
[www.teaching-materials.org/javascript/exercises/calculator.html]
[www.teaching-materials.org/javascript/exercises/strings.html]
[www.teaching-materials.org/javascript/slides/controlflow.html]
[www.teaching-materials.org/javascript/exercises/ifelse.html]
[www.teaching-materials.org/javascript/exercises/forloops.html]
[www.teaching-materials.org/javascript/exercises/arrays.html]
[www.teaching-materials.org/javascript/exercises/wordguesser.html]
[www.teaching-materials.org/javascript/slides/objects.html]
[www.teaching-materials.org/javascript/exercises/objects.html]
[www.teaching-materials.org/javascript/exercises/objectArguments.html]
[www.teaching-materials.org/javascript/exercises/cashRegister.html]
[www.teaching-materials.org/javascript/images/console.png]
[www.teaching-materials.org/javascript/exercises/creditcard.html]
[www.teaching-materials.org/common/bootstrap.css]
[licensebuttons.net/l/by-sa/3.0/88x31.png]
[www.teaching-materials.org/common/styles.css]
[www.teaching-materials.org/common/css/bootstrap.css]
[www.teaching-materials.org/common/normalize.css]
[www.teaching-materials.org/common/presentation.css]
[dl.dropboxusercontent.com/u/10998095/Screenshots/h31-pn0904xo.png_; filename_=UTF-8''h31-pn0904xo.png]
[i.imgur.com/l0Qez2d.png]
[www.teaching-materials.org/common/prettify.css]
[dl.dropboxusercontent.com/u/10998095/Screenshots/-21emdw8tl99.png_; filename_=UTF-8''-21emdw8tl99.png]
[dl.dropboxusercontent.com/u/10998095/Screenshots/2nwgi5_b8656.png_; filename_=UTF-8''2nwgi5%7Eb8656.png]
[www.teaching-materials.org/javascript/images/console.png]
[davidwalsh.name/demo/jsfiddle.jpg]
[dl.dropboxusercontent.com/u/10998095/Screenshots/j89bo0pzo02r.png_; filename_=UTF-8''j89bo0pzo02r.png]
